2025-09-14T01:30:09.5708946Z Current runner version: '2.328.0'
2025-09-14T01:30:09.5734029Z ##[group]Runner Image Provisioner
2025-09-14T01:30:09.5735116Z Hosted Compute Agent
2025-09-14T01:30:09.5735666Z Version: 20250829.383
2025-09-14T01:30:09.5736279Z Commit: 27cb235aab5b0e52e153a26cd86b4742e89dac5d
2025-09-14T01:30:09.5736974Z Build Date: 2025-08-29T13:48:48Z
2025-09-14T01:30:09.5737525Z ##[endgroup]
2025-09-14T01:30:09.5738122Z ##[group]Operating System
2025-09-14T01:30:09.5738666Z Ubuntu
2025-09-14T01:30:09.5739144Z 24.04.3
2025-09-14T01:30:09.5739646Z LTS
2025-09-14T01:30:09.5740079Z ##[endgroup]
2025-09-14T01:30:09.5740566Z ##[group]Runner Image
2025-09-14T01:30:09.5741087Z Image: ubuntu-24.04
2025-09-14T01:30:09.5741648Z Version: 20250907.24.1
2025-09-14T01:30:09.5742595Z Included Software: https://github.com/actions/runner-images/blob/ubuntu24/20250907.24/images/ubuntu/Ubuntu2404-Readme.md
2025-09-14T01:30:09.5744122Z Image Release: https://github.com/actions/runner-images/releases/tag/ubuntu24%2F20250907.24
2025-09-14T01:30:09.5745455Z ##[endgroup]
2025-09-14T01:30:09.5746500Z ##[group]GITHUB_TOKEN Permissions
2025-09-14T01:30:09.5748308Z Contents: write
2025-09-14T01:30:09.5748823Z Metadata: read
2025-09-14T01:30:09.5749395Z ##[endgroup]
2025-09-14T01:30:09.5751417Z Secret source: Actions
2025-09-14T01:30:09.5752128Z Prepare workflow directory
2025-09-14T01:30:09.6072461Z Prepare all required actions
2025-09-14T01:30:09.6109613Z Getting action download info
2025-09-14T01:30:10.1362147Z Download action repository 'actions/checkout@v4' (SHA:08eba0b27e820071cde6df949e0beb9ba4906955)
2025-09-14T01:30:10.3481343Z Download action repository 'actions/setup-dotnet@v4' (SHA:67a3573c9a986a3f9c594539f4ab511d57bb3ce9)
2025-09-14T01:30:11.0026262Z Download action repository 'simple-elf/allure-report-action@v1.8' (SHA:eca283b643d577c69b8e4f048dd6cd8eb8457cfd)
2025-09-14T01:30:11.5127033Z Download action repository 'peaceiris/actions-gh-pages@v3' (SHA:373f7f263a76c20808c831209c920827a82a2847)
2025-09-14T01:30:12.2080543Z Download action repository 'actions/upload-artifact@v4' (SHA:ea165f8d65b6e75b540449e92b4886f43607fa02)
2025-09-14T01:30:12.4398762Z Complete job name: main-tests
2025-09-14T01:30:12.4820484Z ##[group]Build container for action use: '/home/runner/work/_actions/simple-elf/allure-report-action/v1.8/Dockerfile'.
2025-09-14T01:30:12.4868969Z ##[command]/usr/bin/docker build -t 2c2ff0:432dfd33fc824cb09327ac28be946d45 -f "/home/runner/work/_actions/simple-elf/allure-report-action/v1.8/Dockerfile" "/home/runner/work/_actions/simple-elf/allure-report-action/v1.8"
2025-09-14T01:30:14.8376566Z #0 building with "default" instance using docker driver
2025-09-14T01:30:14.8377006Z 
2025-09-14T01:30:14.8377163Z #1 [internal] load build definition from Dockerfile
2025-09-14T01:30:14.8377557Z #1 transferring dockerfile: 657B done
2025-09-14T01:30:14.8377900Z #1 DONE 0.0s
2025-09-14T01:30:14.8378060Z 
2025-09-14T01:30:14.8378314Z #2 [internal] load metadata for docker.io/library/openjdk:8-jre-alpine
2025-09-14T01:30:15.0850543Z #2 ...
2025-09-14T01:30:15.0851041Z 
2025-09-14T01:30:15.0851318Z #3 [auth] library/openjdk:pull token for registry-1.docker.io
2025-09-14T01:30:15.0852027Z #3 DONE 0.0s
2025-09-14T01:30:15.2346246Z 
2025-09-14T01:30:15.2346792Z #2 [internal] load metadata for docker.io/library/openjdk:8-jre-alpine
2025-09-14T01:30:15.7409837Z #2 DONE 1.1s
2025-09-14T01:30:15.8605007Z 
2025-09-14T01:30:15.8605453Z #4 [internal] load .dockerignore
2025-09-14T01:30:15.8605957Z #4 transferring context: 2B done
2025-09-14T01:30:15.8606299Z #4 DONE 0.0s
2025-09-14T01:30:15.8606460Z 
2025-09-14T01:30:15.8606579Z #5 [internal] load build context
2025-09-14T01:30:15.8606937Z #5 transferring context: 3.42kB done
2025-09-14T01:30:15.8607310Z #5 DONE 0.0s
2025-09-14T01:30:15.8607497Z 
2025-09-14T01:30:15.8608125Z #6 [1/6] FROM docker.io/library/openjdk:8-jre-alpine@sha256:f362b165b870ef129cbe730f29065ff37399c0aa8bcab3e44b51c302938c9193
2025-09-14T01:30:15.8609467Z #6 resolve docker.io/library/openjdk:8-jre-alpine@sha256:f362b165b870ef129cbe730f29065ff37399c0aa8bcab3e44b51c302938c9193 done
2025-09-14T01:30:15.8611519Z #6 sha256:f362b165b870ef129cbe730f29065ff37399c0aa8bcab3e44b51c302938c9193 1.64kB / 1.64kB done
2025-09-14T01:30:15.8612702Z #6 sha256:b2ad93b079b1495488cc01375de799c402d45086015a120c105ea00e1be0fd52 947B / 947B done
2025-09-14T01:30:15.8613769Z #6 sha256:f7a292bbb70c4ce57f7704cc03eb09e299de9da19013b084f138154421918cb4 3.42kB / 3.42kB done
2025-09-14T01:30:15.8615110Z #6 sha256:e7c96db7181be991f19a9fb6975cdbbd73c65f4a2681348e63a141a2192a5f10 0B / 2.76MB 0.1s
2025-09-14T01:30:15.8616234Z #6 sha256:f910a506b6cb1dbec766725d70356f695ae2bf2bea6224dbe8c7c6ad4f3664a2 0B / 238B 0.1s
2025-09-14T01:30:15.8617303Z #6 sha256:b6abafe80f63b02535fc111df2ed6b3c728469679ab654e03e482b6f347c9639 0B / 54.94MB 0.1s
2025-09-14T01:30:16.0602917Z #6 sha256:e7c96db7181be991f19a9fb6975cdbbd73c65f4a2681348e63a141a2192a5f10 1.05MB / 2.76MB 0.3s
2025-09-14T01:30:16.0604205Z #6 sha256:f910a506b6cb1dbec766725d70356f695ae2bf2bea6224dbe8c7c6ad4f3664a2 238B / 238B 0.2s done
2025-09-14T01:30:16.0605628Z #6 sha256:b6abafe80f63b02535fc111df2ed6b3c728469679ab654e03e482b6f347c9639 14.68MB / 54.94MB 0.3s
2025-09-14T01:30:16.1785606Z #6 sha256:e7c96db7181be991f19a9fb6975cdbbd73c65f4a2681348e63a141a2192a5f10 2.76MB / 2.76MB 0.4s done
2025-09-14T01:30:16.1787974Z #6 sha256:b6abafe80f63b02535fc111df2ed6b3c728469679ab654e03e482b6f347c9639 23.07MB / 54.94MB 0.4s
2025-09-14T01:30:16.1789228Z #6 extracting sha256:e7c96db7181be991f19a9fb6975cdbbd73c65f4a2681348e63a141a2192a5f10 0.1s done
2025-09-14T01:30:16.3596684Z #6 sha256:b6abafe80f63b02535fc111df2ed6b3c728469679ab654e03e482b6f347c9639 30.41MB / 54.94MB 0.6s
2025-09-14T01:30:16.3597439Z #6 extracting sha256:f910a506b6cb1dbec766725d70356f695ae2bf2bea6224dbe8c7c6ad4f3664a2 done
2025-09-14T01:30:16.4604099Z #6 sha256:b6abafe80f63b02535fc111df2ed6b3c728469679ab654e03e482b6f347c9639 35.65MB / 54.94MB 0.7s
2025-09-14T01:30:16.6601535Z #6 sha256:b6abafe80f63b02535fc111df2ed6b3c728469679ab654e03e482b6f347c9639 50.33MB / 54.94MB 0.9s
2025-09-14T01:30:16.8242898Z #6 sha256:b6abafe80f63b02535fc111df2ed6b3c728469679ab654e03e482b6f347c9639 54.53MB / 54.94MB 1.0s
2025-09-14T01:30:16.8244604Z #6 extracting sha256:b6abafe80f63b02535fc111df2ed6b3c728469679ab654e03e482b6f347c9639
2025-09-14T01:30:16.9244395Z #6 sha256:b6abafe80f63b02535fc111df2ed6b3c728469679ab654e03e482b6f347c9639 54.94MB / 54.94MB 1.0s done
2025-09-14T01:30:17.2955620Z #6 extracting sha256:b6abafe80f63b02535fc111df2ed6b3c728469679ab654e03e482b6f347c9639 0.5s done
2025-09-14T01:30:17.4086443Z #6 DONE 1.7s
2025-09-14T01:30:17.5382083Z 
2025-09-14T01:30:17.5382845Z #7 [2/6] RUN echo 2.25.0 &&     apk update &&     apk add --no-cache bash wget unzip &&     rm -rf /var/cache/apk/*
2025-09-14T01:30:17.6954047Z #7 0.129 2.25.0
2025-09-14T01:30:17.6954828Z #7 0.135 fetch http://dl-cdn.alpinelinux.org/alpine/v3.9/main/x86_64/APKINDEX.tar.gz
2025-09-14T01:30:17.7403817Z #7 0.331 fetch http://dl-cdn.alpinelinux.org/alpine/v3.9/community/x86_64/APKINDEX.tar.gz
2025-09-14T01:30:17.9417464Z #7 0.532 v3.9.6-143-ga5f34edab6 [http://dl-cdn.alpinelinux.org/alpine/v3.9/main]
2025-09-14T01:30:17.9418221Z #7 0.532 v3.9.6-138-ge069a77b3b [http://dl-cdn.alpinelinux.org/alpine/v3.9/community]
2025-09-14T01:30:17.9418986Z #7 0.532 OK: 9792 distinct packages available
2025-09-14T01:30:18.0465563Z #7 0.546 fetch http://dl-cdn.alpinelinux.org/alpine/v3.9/main/x86_64/APKINDEX.tar.gz
2025-09-14T01:30:18.0466326Z #7 0.587 fetch http://dl-cdn.alpinelinux.org/alpine/v3.9/community/x86_64/APKINDEX.tar.gz
2025-09-14T01:30:18.0466911Z #7 0.637 (1/7) Installing ncurses-terminfo-base (6.1_p20190105-r0)
2025-09-14T01:30:18.2013217Z #7 0.642 (2/7) Installing ncurses-terminfo (6.1_p20190105-r0)
2025-09-14T01:30:18.3081450Z #7 0.899 (3/7) Installing ncurses-libs (6.1_p20190105-r0)
2025-09-14T01:30:18.5569618Z #7 0.906 (4/7) Installing readline (7.0.003-r1)
2025-09-14T01:30:18.5570287Z #7 0.912 (5/7) Installing bash (4.4.19-r1)
2025-09-14T01:30:18.5570726Z #7 0.923 Executing bash-4.4.19-r1.post-install
2025-09-14T01:30:18.5571219Z #7 0.926 (6/7) Installing unzip (6.0-r6)
2025-09-14T01:30:18.5572263Z #7 0.932 (7/7) Installing wget (1.20.3-r0)
2025-09-14T01:30:18.5572767Z #7 0.939 Executing busybox-1.29.3-r10.trigger
2025-09-14T01:30:18.5573225Z #7 0.946 OK: 94 MiB in 60 packages
2025-09-14T01:30:18.5573629Z #7 DONE 1.0s
2025-09-14T01:30:18.5573831Z 
2025-09-14T01:30:18.5575547Z #8 [3/6] RUN wget --no-verbose -O /tmp/allure-2.25.0.tgz https://repo.maven.apache.org/maven2/io/qameta/allure/allure-commandline/2.25.0/allure-commandline-2.25.0.tgz &&     tar -xf /tmp/allure-2.25.0.tgz &&     rm -rf /tmp/* &&     chmod -R +x /allure-2.25.0/bin
2025-09-14T01:30:18.6573388Z #8 0.251 2025-09-14 01:30:18 URL:https://repo.maven.apache.org/maven2/io/qameta/allure/allure-commandline/2.25.0/allure-commandline-2.25.0.tgz [21371130/21371130] -> "/tmp/allure-2.25.0.tgz" [1]
2025-09-14T01:30:18.8883960Z #8 DONE 0.5s
2025-09-14T01:30:19.0123316Z 
2025-09-14T01:30:19.0123793Z #9 [4/6] RUN mkdir -p /app
2025-09-14T01:30:19.0124210Z #9 DONE 0.1s
2025-09-14T01:30:19.1955196Z 
2025-09-14T01:30:19.1965385Z #10 [5/6] WORKDIR /app
2025-09-14T01:30:19.1966264Z #10 DONE 0.0s
2025-09-14T01:30:19.1967691Z 
2025-09-14T01:30:19.1967954Z #11 [6/6] COPY ./entrypoint.sh /entrypoint.sh
2025-09-14T01:30:19.1968427Z #11 DONE 0.0s
2025-09-14T01:30:19.1968604Z 
2025-09-14T01:30:19.1968729Z #12 exporting to image
2025-09-14T01:30:19.1969058Z #12 exporting layers
2025-09-14T01:30:20.0188408Z #12 exporting layers 1.0s done
2025-09-14T01:30:20.0370126Z #12 writing image sha256:7bcd0f0cf6632833951413f58a34199174217360661c96e1bd956e88c33f9a1c done
2025-09-14T01:30:20.0371078Z #12 naming to docker.io/library/2c2ff0:432dfd33fc824cb09327ac28be946d45 done
2025-09-14T01:30:20.0371698Z #12 DONE 1.0s
2025-09-14T01:30:20.0421649Z ##[endgroup]
2025-09-14T01:30:20.0668704Z ##[group]Run actions/checkout@v4
2025-09-14T01:30:20.0669226Z with:
2025-09-14T01:30:20.0669431Z   repository: rudExtremo/SocksShoppingStore
2025-09-14T01:30:20.0669852Z   token: ***
2025-09-14T01:30:20.0670027Z   ssh-strict: true
2025-09-14T01:30:20.0670226Z   ssh-user: git
2025-09-14T01:30:20.0670410Z   persist-credentials: true
2025-09-14T01:30:20.0670624Z   clean: true
2025-09-14T01:30:20.0670808Z   sparse-checkout-cone-mode: true
2025-09-14T01:30:20.0671027Z   fetch-depth: 1
2025-09-14T01:30:20.0671202Z   fetch-tags: false
2025-09-14T01:30:20.0671375Z   show-progress: true
2025-09-14T01:30:20.0671553Z   lfs: false
2025-09-14T01:30:20.0671704Z   submodules: false
2025-09-14T01:30:20.0671880Z   set-safe-directory: true
2025-09-14T01:30:20.0672260Z ##[endgroup]
2025-09-14T01:30:20.1775718Z Syncing repository: rudExtremo/SocksShoppingStore
2025-09-14T01:30:20.1777917Z ##[group]Getting Git version info
2025-09-14T01:30:20.1778802Z Working directory is '/home/runner/work/SocksShoppingStore/SocksShoppingStore'
2025-09-14T01:30:20.1779834Z [command]/usr/bin/git version
2025-09-14T01:30:20.1781150Z git version 2.51.0
2025-09-14T01:30:20.1807340Z ##[endgroup]
2025-09-14T01:30:20.1820386Z Temporarily overriding HOME='/home/runner/work/_temp/f25d3376-2148-449e-ae61-8f2001c47bf8' before making global git config changes
2025-09-14T01:30:20.1821204Z Adding repository directory to the temporary git global config as a safe directory
2025-09-14T01:30:20.1832646Z [command]/usr/bin/git config --global --add safe.directory /home/runner/work/SocksShoppingStore/SocksShoppingStore
2025-09-14T01:30:20.1869039Z Deleting the contents of '/home/runner/work/SocksShoppingStore/SocksShoppingStore'
2025-09-14T01:30:20.1872494Z ##[group]Initializing the repository
2025-09-14T01:30:20.1876586Z [command]/usr/bin/git init /home/runner/work/SocksShoppingStore/SocksShoppingStore
2025-09-14T01:30:20.1981351Z hint: Using 'master' as the name for the initial branch. This default branch name
2025-09-14T01:30:20.1981932Z hint: is subject to change. To configure the initial branch name to use in all
2025-09-14T01:30:20.1982384Z hint: of your new repositories, which will suppress this warning, call:
2025-09-14T01:30:20.1982703Z hint:
2025-09-14T01:30:20.1982948Z hint: 	git config --global init.defaultBranch <name>
2025-09-14T01:30:20.1983438Z hint:
2025-09-14T01:30:20.1983712Z hint: Names commonly chosen instead of 'master' are 'main', 'trunk' and
2025-09-14T01:30:20.1984158Z hint: 'development'. The just-created branch can be renamed via this command:
2025-09-14T01:30:20.1984800Z hint:
2025-09-14T01:30:20.1984982Z hint: 	git branch -m <name>
2025-09-14T01:30:20.1985186Z hint:
2025-09-14T01:30:20.1985467Z hint: Disable this message with "git config set advice.defaultBranchName false"
2025-09-14T01:30:20.1986387Z Initialized empty Git repository in /home/runner/work/SocksShoppingStore/SocksShoppingStore/.git/
2025-09-14T01:30:20.1998744Z [command]/usr/bin/git remote add origin https://github.com/rudExtremo/SocksShoppingStore
2025-09-14T01:30:20.2032255Z ##[endgroup]
2025-09-14T01:30:20.2032622Z ##[group]Disabling automatic garbage collection
2025-09-14T01:30:20.2036863Z [command]/usr/bin/git config --local gc.auto 0
2025-09-14T01:30:20.2071734Z ##[endgroup]
2025-09-14T01:30:20.2072281Z ##[group]Setting up auth
2025-09-14T01:30:20.2072681Z [command]/usr/bin/git config --local --name-only --get-regexp core\.sshCommand
2025-09-14T01:30:20.2100195Z [command]/usr/bin/git submodule foreach --recursive sh -c "git config --local --name-only --get-regexp 'core\.sshCommand' && git config --local --unset-all 'core.sshCommand' || :"
2025-09-14T01:30:20.2415344Z [command]/usr/bin/git config --local --name-only --get-regexp http\.https\:\/\/github\.com\/\.extraheader
2025-09-14T01:30:20.2444610Z [command]/usr/bin/git submodule foreach --recursive sh -c "git config --local --name-only --get-regexp 'http\.https\:\/\/github\.com\/\.extraheader' && git config --local --unset-all 'http.https://github.com/.extraheader' || :"
2025-09-14T01:30:20.2665019Z [command]/usr/bin/git config --local http.https://github.com/.extraheader AUTHORIZATION: basic ***
2025-09-14T01:30:20.2698722Z ##[endgroup]
2025-09-14T01:30:20.2699311Z ##[group]Fetching the repository
2025-09-14T01:30:20.2715452Z [command]/usr/bin/git -c protocol.version=2 fetch --no-tags --prune --no-recurse-submodules --depth=1 origin +3d0813078e6c2ad4e2f348afb10335de7be14d82:refs/remotes/origin/main
2025-09-14T01:30:20.8210896Z From https://github.com/rudExtremo/SocksShoppingStore
2025-09-14T01:30:20.8212885Z  * [new ref]         3d0813078e6c2ad4e2f348afb10335de7be14d82 -> origin/main
2025-09-14T01:30:20.8242644Z ##[endgroup]
2025-09-14T01:30:20.8243224Z ##[group]Determining the checkout info
2025-09-14T01:30:20.8245044Z ##[endgroup]
2025-09-14T01:30:20.8250280Z [command]/usr/bin/git sparse-checkout disable
2025-09-14T01:30:20.8333653Z [command]/usr/bin/git config --local --unset-all extensions.worktreeConfig
2025-09-14T01:30:20.8361859Z ##[group]Checking out the ref
2025-09-14T01:30:20.8366496Z [command]/usr/bin/git checkout --progress --force -B main refs/remotes/origin/main
2025-09-14T01:30:20.8737862Z Switched to a new branch 'main'
2025-09-14T01:30:20.8739093Z branch 'main' set up to track 'origin/main'.
2025-09-14T01:30:20.8749399Z ##[endgroup]
2025-09-14T01:30:20.8788623Z [command]/usr/bin/git log -1 --format=%H
2025-09-14T01:30:20.8810257Z 3d0813078e6c2ad4e2f348afb10335de7be14d82
2025-09-14T01:30:20.8996371Z ##[group]Run actions/setup-dotnet@v4
2025-09-14T01:30:20.8996624Z with:
2025-09-14T01:30:20.8996801Z   dotnet-version: 8.0.x
2025-09-14T01:30:20.8996993Z   cache: false
2025-09-14T01:30:20.8997160Z ##[endgroup]
2025-09-14T01:30:21.0771144Z [command]/home/runner/work/_actions/actions/setup-dotnet/v4/externals/install-dotnet.sh --skip-non-versioned-files --runtime dotnet --channel LTS
2025-09-14T01:30:21.3086544Z dotnet-install: Attempting to download using aka.ms link https://builds.dotnet.microsoft.com/dotnet/Runtime/8.0.20/dotnet-runtime-8.0.20-linux-x64.tar.gz
2025-09-14T01:30:21.5616644Z dotnet-install: Remote file https://builds.dotnet.microsoft.com/dotnet/Runtime/8.0.20/dotnet-runtime-8.0.20-linux-x64.tar.gz size is 31276415 bytes.
2025-09-14T01:30:21.5619544Z dotnet-install: Extracting archive from https://builds.dotnet.microsoft.com/dotnet/Runtime/8.0.20/dotnet-runtime-8.0.20-linux-x64.tar.gz
2025-09-14T01:30:22.1888477Z dotnet-install: Downloaded file size is 31276415 bytes.
2025-09-14T01:30:22.1889806Z dotnet-install: The remote and local file sizes are equal.
2025-09-14T01:30:22.2180057Z dotnet-install: Installed version is 8.0.20
2025-09-14T01:30:22.2237938Z dotnet-install: Adding to current process PATH: `/usr/share/dotnet`. Note: This change will be visible only when sourcing script.
2025-09-14T01:30:22.2239128Z dotnet-install: Note that the script does not resolve dependencies during installation.
2025-09-14T01:30:22.2240479Z dotnet-install: To check the list of dependencies, go to https://learn.microsoft.com/dotnet/core/install, select your operating system and check the "Dependencies" section.
2025-09-14T01:30:22.2241563Z dotnet-install: Installation finished successfully.
2025-09-14T01:30:22.2268786Z [command]/home/runner/work/_actions/actions/setup-dotnet/v4/externals/install-dotnet.sh --skip-non-versioned-files --channel 8.0
2025-09-14T01:30:22.4487890Z dotnet-install: Attempting to download using aka.ms link https://builds.dotnet.microsoft.com/dotnet/Sdk/8.0.414/dotnet-sdk-8.0.414-linux-x64.tar.gz
2025-09-14T01:30:23.6169540Z dotnet-install: Remote file https://builds.dotnet.microsoft.com/dotnet/Sdk/8.0.414/dotnet-sdk-8.0.414-linux-x64.tar.gz size is 216141531 bytes.
2025-09-14T01:30:23.6173107Z dotnet-install: Extracting archive from https://builds.dotnet.microsoft.com/dotnet/Sdk/8.0.414/dotnet-sdk-8.0.414-linux-x64.tar.gz
2025-09-14T01:30:28.0358598Z dotnet-install: Downloaded file size is 216141531 bytes.
2025-09-14T01:30:28.0359417Z dotnet-install: The remote and local file sizes are equal.
2025-09-14T01:30:28.2945214Z dotnet-install: Installed version is 8.0.414
2025-09-14T01:30:28.3003114Z dotnet-install: Adding to current process PATH: `/usr/share/dotnet`. Note: This change will be visible only when sourcing script.
2025-09-14T01:30:28.3004736Z dotnet-install: Note that the script does not resolve dependencies during installation.
2025-09-14T01:30:28.3006105Z dotnet-install: To check the list of dependencies, go to https://learn.microsoft.com/dotnet/core/install, select your operating system and check the "Dependencies" section.
2025-09-14T01:30:28.3007303Z dotnet-install: Installation finished successfully.
2025-09-14T01:30:28.3147257Z ##[group]Run dotnet restore SocksShoppingStore/SocksShoppingStore.sln
2025-09-14T01:30:28.3147775Z [36;1mdotnet restore SocksShoppingStore/SocksShoppingStore.sln[0m
2025-09-14T01:30:28.3196649Z shell: /usr/bin/bash -e {0}
2025-09-14T01:30:28.3196880Z env:
2025-09-14T01:30:28.3197053Z   DOTNET_ROOT: /usr/share/dotnet
2025-09-14T01:30:28.3197274Z ##[endgroup]
2025-09-14T01:30:29.3036215Z   Determining projects to restore...
2025-09-14T01:30:29.8327779Z   Restored /home/runner/work/SocksShoppingStore/SocksShoppingStore/SocksShoppingStore/SocksShoppingStore.csproj (in 88 ms).
2025-09-14T01:30:35.5315948Z   Restored /home/runner/work/SocksShoppingStore/SocksShoppingStore/SocksShoppingStore.Tests/SocksShoppingStore.Tests.csproj (in 5.81 sec).
2025-09-14T01:30:35.5740258Z ##[group]Run dotnet publish SocksShoppingStore/SocksShoppingStore.csproj -c Release -o publish
2025-09-14T01:30:35.5740969Z [36;1mdotnet publish SocksShoppingStore/SocksShoppingStore.csproj -c Release -o publish[0m
2025-09-14T01:30:35.5741812Z [36;1mnohup bash -c "ASPNETCORE_ENVIRONMENT=Development ASPNETCORE_URLS=http://127.0.0.1:5123 dotnet publish/SocksShoppingStore.dll" > app.log 2>&1 & echo $! > app.pid[0m
2025-09-14T01:30:35.5742479Z [36;1mecho "App PID: $(cat app.pid)"[0m
2025-09-14T01:30:35.5742813Z [36;1mecho "Waiting for app on http://127.0.0.1:5123/healthz ..."[0m
2025-09-14T01:30:35.5743127Z [36;1mfor i in {1..60}; do[0m
2025-09-14T01:30:35.5743484Z [36;1m  if curl -fsS http://127.0.0.1:5123/healthz >/dev/null; then echo "App is up"; break; fi[0m
2025-09-14T01:30:35.5743856Z [36;1m  sleep 1[0m
2025-09-14T01:30:35.5744035Z [36;1mdone[0m
2025-09-14T01:30:35.5744470Z [36;1mecho '---- app.log (last 200 lines) ----'[0m
2025-09-14T01:30:35.5745019Z [36;1mtail -n 200 app.log || true[0m
2025-09-14T01:30:35.5745272Z [36;1mecho '---- dotnet processes ----'[0m
2025-09-14T01:30:35.5745559Z [36;1mps aux | grep -i dotnet | grep -v grep || true[0m
2025-09-14T01:30:35.5745824Z [36;1m# Fail if not up[0m
2025-09-14T01:30:35.5746090Z [36;1mcurl -fsS http://127.0.0.1:5123/healthz >/dev/null[0m
2025-09-14T01:30:35.5775645Z shell: /usr/bin/bash -e {0}
2025-09-14T01:30:35.5775858Z env:
2025-09-14T01:30:35.5776026Z   DOTNET_ROOT: /usr/share/dotnet
2025-09-14T01:30:35.5776239Z ##[endgroup]
2025-09-14T01:30:36.2468799Z   Determining projects to restore...
2025-09-14T01:30:36.5945033Z   All projects are up-to-date for restore.
2025-09-14T01:30:41.1713542Z   SocksShoppingStore -> /home/runner/work/SocksShoppingStore/SocksShoppingStore/SocksShoppingStore/bin/Release/net8.0/SocksShoppingStore.dll
2025-09-14T01:30:41.2340369Z   SocksShoppingStore -> /home/runner/work/SocksShoppingStore/SocksShoppingStore/publish/
2025-09-14T01:30:41.2752458Z App PID: 3025
2025-09-14T01:30:41.2753429Z Waiting for app on http://127.0.0.1:5123/healthz ...
2025-09-14T01:30:41.2804747Z curl: (7) Failed to connect to 127.0.0.1 port 5123 after 0 ms: Couldn't connect to server
2025-09-14T01:30:42.3630733Z App is up
2025-09-14T01:30:42.3631456Z ---- app.log (last 200 lines) ----
2025-09-14T01:30:42.3641703Z info: Microsoft.AspNetCore.DataProtection.KeyManagement.XmlKeyManager[62]
2025-09-14T01:30:42.3643237Z       User profile is available. Using '/home/runner/.aspnet/DataProtection-Keys' as key repository; keys will not be encrypted at rest.
2025-09-14T01:30:42.3646729Z info: Microsoft.AspNetCore.DataProtection.KeyManagement.XmlKeyManager[58]
2025-09-14T01:30:42.3648080Z       Creating key {e6c03d92-b8df-43c6-aac2-8961b19babbc} with creation date 2025-09-14 01:30:41Z, activation date 2025-09-14 01:30:41Z, and expiration date 2025-12-13 01:30:41Z.
2025-09-14T01:30:42.3649516Z warn: Microsoft.AspNetCore.DataProtection.KeyManagement.XmlKeyManager[35]
2025-09-14T01:30:42.3650715Z       No XML encryptor configured. Key {e6c03d92-b8df-43c6-aac2-8961b19babbc} may be persisted to storage in unencrypted form.
2025-09-14T01:30:42.3652062Z info: Microsoft.AspNetCore.DataProtection.Repositories.FileSystemXmlRepository[39]
2025-09-14T01:30:42.3653374Z       Writing data to file '/home/runner/.aspnet/DataProtection-Keys/key-e6c03d92-b8df-43c6-aac2-8961b19babbc.xml'.
2025-09-14T01:30:42.3654701Z warn: Microsoft.AspNetCore.StaticFiles.StaticFileMiddleware[16]
2025-09-14T01:30:42.3655859Z       The WebRootPath was not found: /home/runner/work/SocksShoppingStore/SocksShoppingStore/wwwroot. Static files may be unavailable.
2025-09-14T01:30:42.3656940Z info: Microsoft.Hosting.Lifetime[14]
2025-09-14T01:30:42.3657414Z       Now listening on: http://127.0.0.1:5123
2025-09-14T01:30:42.3657928Z info: Microsoft.Hosting.Lifetime[0]
2025-09-14T01:30:42.3658412Z       Application started. Press Ctrl+C to shut down.
2025-09-14T01:30:42.3658953Z info: Microsoft.Hosting.Lifetime[0]
2025-09-14T01:30:42.3659728Z       Hosting environment: Development
2025-09-14T01:30:42.3660222Z info: Microsoft.Hosting.Lifetime[0]
2025-09-14T01:30:42.3660835Z       Content root path: /home/runner/work/SocksShoppingStore/SocksShoppingStore
2025-09-14T01:30:42.3661560Z info: Microsoft.AspNetCore.Hosting.Diagnostics[1]
2025-09-14T01:30:42.3662213Z       Request starting HTTP/1.1 GET http://127.0.0.1:5123/healthz - - -
2025-09-14T01:30:42.3663078Z warn: Microsoft.AspNetCore.HttpsPolicy.HttpsRedirectionMiddleware[3]
2025-09-14T01:30:42.3672212Z       Failed to determine the https port for redirect.
2025-09-14T01:30:42.3672938Z info: Microsoft.AspNetCore.Routing.EndpointMiddleware[0]
2025-09-14T01:30:42.3673551Z       Executing endpoint 'HTTP: GET /healthz'
2025-09-14T01:30:42.3674201Z info: Microsoft.AspNetCore.Http.Result.OkObjectResult[1]
2025-09-14T01:30:42.3675182Z       Setting HTTP status code 200.
2025-09-14T01:30:42.3675796Z info: Microsoft.AspNetCore.Http.Result.OkObjectResult[3]
2025-09-14T01:30:42.3676212Z       Writing value of type 'String' as Json.
2025-09-14T01:30:42.3676853Z info: Microsoft.AspNetCore.Routing.EndpointMiddleware[1]
2025-09-14T01:30:42.3677187Z       Executed endpoint 'HTTP: GET /healthz'
2025-09-14T01:30:42.3677498Z info: Microsoft.AspNetCore.Hosting.Diagnostics[2]
2025-09-14T01:30:42.3678001Z       Request finished HTTP/1.1 GET http://127.0.0.1:5123/healthz - 200 - application/json;+charset=utf-8 47.8310ms
2025-09-14T01:30:42.3678474Z ---- dotnet processes ----
2025-09-14T01:30:42.3766457Z runner      2919  4.3  0.6 274673692 110380 ?    Sl   01:30   0:00 /usr/share/dotnet/dotnet /usr/share/dotnet/sdk/8.0.414/MSBuild.dll /nologo /nodemode:1 /nodeReuse:true /low:false
2025-09-14T01:30:42.3768597Z runner      2997  122  1.6 274982684 267720 ?    Sl   01:30   0:06 /usr/share/dotnet/dotnet exec /usr/share/dotnet/sdk/8.0.414/Roslyn/bincore/VBCSCompiler.dll -pipename:+cWGVxj94GkenHq1E+ukYKSYfPkuM+Lgm0mMTi+66N8
2025-09-14T01:30:42.3769527Z runner      3025 37.2  0.5 274801172 97784 ?     Sl   01:30   0:00 dotnet publish/SocksShoppingStore.dll
2025-09-14T01:30:42.3906861Z ##[group]Run dotnet test SocksShoppingStore.Tests/SocksShoppingStore.Tests.csproj -c Release --logger "trx;LogFileName=main.trx" \
2025-09-14T01:30:42.3907785Z [36;1mdotnet test SocksShoppingStore.Tests/SocksShoppingStore.Tests.csproj -c Release --logger "trx;LogFileName=main.trx" \[0m
2025-09-14T01:30:42.3908338Z [36;1m  /p:CollectCoverage=true \[0m
2025-09-14T01:30:42.3908731Z [36;1m  /p:CoverletOutput=./SocksShoppingStore.Tests/TestResults/Coverage/coverage \[0m
2025-09-14T01:30:42.3909162Z [36;1m  /p:CoverletOutputFormat=cobertura%2Copencover[0m
2025-09-14T01:30:42.3938735Z shell: /usr/bin/bash -e {0}
2025-09-14T01:30:42.3938955Z env:
2025-09-14T01:30:42.3939125Z   DOTNET_ROOT: /usr/share/dotnet
2025-09-14T01:30:42.3939364Z   BASE_URL: http://127.0.0.1:5123
2025-09-14T01:30:42.3939577Z   RUN_UI_TESTS: 1
2025-09-14T01:30:42.3939753Z   IGNORE_CERT_ERRORS: 0
2025-09-14T01:30:42.3939935Z   USE_TEST_FACTORY: 1
2025-09-14T01:30:42.3940113Z ##[endgroup]
2025-09-14T01:30:42.9781923Z   Determining projects to restore...
2025-09-14T01:30:43.4393569Z   All projects are up-to-date for restore.
2025-09-14T01:30:43.9761431Z   SocksShoppingStore -> /home/runner/work/SocksShoppingStore/SocksShoppingStore/SocksShoppingStore/bin/Release/net8.0/SocksShoppingStore.dll
2025-09-14T01:30:44.6444101Z ##[warning]/home/runner/work/SocksShoppingStore/SocksShoppingStore/SocksShoppingStore.Tests/PageObjects/CartPage.cs(24,30): warning CS8604: Possible null reference argument for parameter 's' in 'int int.Parse(string s)'. [/home/runner/work/SocksShoppingStore/SocksShoppingStore/SocksShoppingStore.Tests/SocksShoppingStore.Tests.csproj]
2025-09-14T01:30:45.1291776Z   AspectInjector|2.8.1: Found 0 aspects, 0 injections
2025-09-14T01:30:45.2608840Z   SocksShoppingStore.Tests -> /home/runner/work/SocksShoppingStore/SocksShoppingStore/SocksShoppingStore.Tests/bin/Release/net8.0/SocksShoppingStore.Tests.dll
2025-09-14T01:30:45.3452981Z Test run for /home/runner/work/SocksShoppingStore/SocksShoppingStore/SocksShoppingStore.Tests/bin/Release/net8.0/SocksShoppingStore.Tests.dll (.NETCoreApp,Version=v8.0)
2025-09-14T01:30:45.4013147Z VSTest version 17.11.1 (x64)
2025-09-14T01:30:45.4068511Z 
2025-09-14T01:30:45.4896330Z Starting test execution, please wait...
2025-09-14T01:30:45.5191906Z A total of 1 test files matched the specified pattern.
2025-09-14T01:30:47.0770648Z warn: Microsoft.AspNetCore.HttpsPolicy.HttpsRedirectionMiddleware[3]
2025-09-14T01:30:47.0771811Z       Failed to determine the https port for redirect.
2025-09-14T01:30:47.0772426Z 
2025-09-14T01:30:47.3549742Z warn: Microsoft.AspNetCore.HttpsPolicy.HttpsRedirectionMiddleware[3]
2025-09-14T01:30:47.3552124Z       Failed to determine the https port for redirect.
2025-09-14T01:30:47.3552475Z 
2025-09-14T01:30:47.4042982Z warn: Microsoft.AspNetCore.HttpsPolicy.HttpsRedirectionMiddleware[3]
2025-09-14T01:30:47.4043833Z       Failed to determine the https port for redirect.
2025-09-14T01:30:47.4044227Z 
2025-09-14T01:30:47.4468006Z warn: Microsoft.AspNetCore.HttpsPolicy.HttpsRedirectionMiddleware[3]
2025-09-14T01:30:47.4468849Z       Failed to determine the https port for redirect.
2025-09-14T01:30:47.4469232Z 
2025-09-14T01:30:47.4866214Z warn: Microsoft.AspNetCore.HttpsPolicy.HttpsRedirectionMiddleware[3]
2025-09-14T01:30:47.4867038Z       Failed to determine the https port for redirect.
2025-09-14T01:30:47.4867413Z 
2025-09-14T01:30:56.2564891Z   Skipped Cart_FullWorkflow_CalculatesTotalCorrectly [< 1 ms]
2025-09-14T01:30:56.2776751Z Results File: /home/runner/work/SocksShoppingStore/SocksShoppingStore/SocksShoppingStore.Tests/TestResults/main.trx
2025-09-14T01:30:56.2779189Z 
2025-09-14T01:30:56.2822575Z Passed!  - Failed:     0, Passed:    38, Skipped:     1, Total:    39, Duration: 9 s - SocksShoppingStore.Tests.dll (net8.0)
2025-09-14T01:30:56.3294489Z ##[group]Run cp -r SocksShoppingStore.Tests/bin/Release/net8.0/allure-results ./allure-results
2025-09-14T01:30:56.3295162Z [36;1mcp -r SocksShoppingStore.Tests/bin/Release/net8.0/allure-results ./allure-results[0m
2025-09-14T01:30:56.3324821Z shell: /usr/bin/bash -e {0}
2025-09-14T01:30:56.3325045Z env:
2025-09-14T01:30:56.3325209Z   DOTNET_ROOT: /usr/share/dotnet
2025-09-14T01:30:56.3325429Z ##[endgroup]
2025-09-14T01:30:56.3500301Z ##[group]Run simple-elf/allure-report-action@v1.8
2025-09-14T01:30:56.3500606Z with:
2025-09-14T01:30:56.3500779Z   allure_results: allure-results
2025-09-14T01:30:56.3501010Z   allure_report: allure-report
2025-09-14T01:30:56.3501217Z   github_run_num: 21
2025-09-14T01:30:56.3501397Z   gh_pages: gh-pages
2025-09-14T01:30:56.3501583Z   allure_history: allure-history
2025-09-14T01:30:56.3501794Z   keep_reports: 20
2025-09-14T01:30:56.3501973Z   github_run_id: 17704620034
2025-09-14T01:30:56.3502195Z   github_repo: rudExtremo/SocksShoppingStore
2025-09-14T01:30:56.3502455Z   github_repo_owner: rudExtremo
2025-09-14T01:30:56.3502658Z env:
2025-09-14T01:30:56.3502824Z   DOTNET_ROOT: /usr/share/dotnet
2025-09-14T01:30:56.3503026Z ##[endgroup]
2025-09-14T01:30:56.3602148Z ##[command]/usr/bin/docker run --name c2ff0432dfd33fc824cb09327ac28be946d45_6c04bb --label 2c2ff0 --workdir /github/workspace --rm -e "DOTNET_ROOT" -e "INPUT_ALLURE_RESULTS" -e "INPUT_ALLURE_REPORT" -e "INPUT_GITHUB_RUN_NUM" -e "INPUT_GH_PAGES" -e "INPUT_ALLURE_HISTORY" -e "INPUT_SUBFOLDER" -e "INPUT_KEEP_REPORTS" -e "INPUT_GITHUB_RUN_ID" -e "INPUT_GITHUB_REPO" -e "INPUT_GITHUB_REPO_OWNER" -e "INPUT_REPORT_URL" -e "HOME" -e "GITHUB_JOB" -e "GITHUB_REF" -e "GITHUB_SHA" -e "GITHUB_REPOSITORY" -e "GITHUB_REPOSITORY_OWNER" -e "GITHUB_REPOSITORY_OWNER_ID" -e "GITHUB_RUN_ID" -e "GITHUB_RUN_NUMBER" -e "GITHUB_RETENTION_DAYS" -e "GITHUB_RUN_ATTEMPT" -e "GITHUB_ACTOR_ID" -e "GITHUB_ACTOR" -e "GITHUB_WORKFLOW" -e "GITHUB_HEAD_REF" -e "GITHUB_BASE_REF" -e "GITHUB_EVENT_NAME" -e "GITHUB_SERVER_URL" -e "GITHUB_API_URL" -e "GITHUB_GRAPHQL_URL" -e "GITHUB_REF_NAME" -e "GITHUB_REF_PROTECTED" -e "GITHUB_REF_TYPE" -e "GITHUB_WORKFLOW_REF" -e "GITHUB_WORKFLOW_SHA" -e "GITHUB_REPOSITORY_ID" -e "GITHUB_TRIGGERING_ACTOR" -e "GITHUB_WORKSPACE" -e "GITHUB_ACTION" -e "GITHUB_EVENT_PATH" -e "GITHUB_ACTION_REPOSITORY" -e "GITHUB_ACTION_REF" -e "GITHUB_PATH" -e "GITHUB_ENV" -e "GITHUB_STEP_SUMMARY" -e "GITHUB_STATE" -e "GITHUB_OUTPUT" -e "RUNNER_OS" -e "RUNNER_ARCH" -e "RUNNER_NAME" -e "RUNNER_ENVIRONMENT" -e "RUNNER_TOOL_CACHE" -e "RUNNER_TEMP" -e "RUNNER_WORKSPACE" -e "ACTIONS_RUNTIME_URL" -e "ACTIONS_RUNTIME_TOKEN" -e "ACTIONS_CACHE_URL" -e "ACTIONS_RESULTS_URL" -e GITHUB_ACTIONS=true -e CI=true -v "/var/run/docker.sock":"/var/run/docker.sock" -v "/home/runner/work/_temp/_github_home":"/github/home" -v "/home/runner/work/_temp/_github_workflow":"/github/workflow" -v "/home/runner/work/_temp/_runner_file_commands":"/github/file_commands" -v "/home/runner/work/SocksShoppingStore/SocksShoppingStore":"/github/workspace" 2c2ff0:432dfd33fc824cb09327ac28be946d45
2025-09-14T01:30:58.2747561Z count folders in allure-history: 0
2025-09-14T01:30:58.2749299Z keep reports count 20
2025-09-14T01:30:58.2750424Z if 0 > 21
2025-09-14T01:30:58.2760491Z keep allure history from gh-pages/last-history to allure-results/history
2025-09-14T01:30:58.2766093Z cp: can't stat './gh-pages/last-history/.': No such file or directory
2025-09-14T01:30:58.2768119Z generating report from allure-results to allure-report ...
2025-09-14T01:31:00.4000225Z Report successfully generated to allure-report
2025-09-14T01:31:00.4099416Z copy allure-report to allure-history/21
2025-09-14T01:31:00.4170519Z copy allure-report history to /allure-history/last-history
2025-09-14T01:31:00.4938002Z ##[group]Run peaceiris/actions-gh-pages@v3
2025-09-14T01:31:00.4938423Z with:
2025-09-14T01:31:00.4939013Z   github_token: ***
2025-09-14T01:31:00.4939223Z   publish_dir: allure-report
2025-09-14T01:31:00.4939464Z   publish_branch: gh-pages
2025-09-14T01:31:00.4939681Z   allow_empty_commit: false
2025-09-14T01:31:00.4939874Z   keep_files: false
2025-09-14T01:31:00.4940047Z   force_orphan: false
2025-09-14T01:31:00.4940227Z   enable_jekyll: false
2025-09-14T01:31:00.4940412Z   disable_nojekyll: false
2025-09-14T01:31:00.4940612Z   exclude_assets: .github
2025-09-14T01:31:00.4940794Z env:
2025-09-14T01:31:00.4940955Z   DOTNET_ROOT: /usr/share/dotnet
2025-09-14T01:31:00.4941161Z ##[endgroup]
2025-09-14T01:31:00.5558893Z [INFO] Usage https://github.com/peaceiris/actions-gh-pages#readme
2025-09-14T01:31:00.5563846Z ##[group]Dump inputs
2025-09-14T01:31:00.5564697Z [INFO] GithubToken: true
2025-09-14T01:31:00.5565166Z [INFO] PublishBranch: gh-pages
2025-09-14T01:31:00.5565699Z [INFO] PublishDir: allure-report
2025-09-14T01:31:00.5566149Z [INFO] DestinationDir: 
2025-09-14T01:31:00.5566560Z [INFO] ExternalRepository: 
2025-09-14T01:31:00.5567004Z [INFO] AllowEmptyCommit: false
2025-09-14T01:31:00.5567435Z [INFO] KeepFiles: false
2025-09-14T01:31:00.5567823Z [INFO] ForceOrphan: false
2025-09-14T01:31:00.5568198Z [INFO] UserName: 
2025-09-14T01:31:00.5568549Z [INFO] UserEmail: 
2025-09-14T01:31:00.5568901Z [INFO] CommitMessage: 
2025-09-14T01:31:00.5569293Z [INFO] FullCommitMessage: 
2025-09-14T01:31:00.5569678Z [INFO] TagName: 
2025-09-14T01:31:00.5570028Z [INFO] TagMessage: 
2025-09-14T01:31:00.5570458Z [INFO] EnableJekyll (DisableNoJekyll): false
2025-09-14T01:31:00.5570909Z [INFO] CNAME: 
2025-09-14T01:31:00.5571271Z [INFO] ExcludeAssets .github
2025-09-14T01:31:00.5571548Z 
2025-09-14T01:31:00.5571978Z ##[endgroup]
2025-09-14T01:31:00.5572526Z ##[group]Setup auth token
2025-09-14T01:31:00.5572941Z [INFO] setup GITHUB_TOKEN
2025-09-14T01:31:00.5574192Z ##[endgroup]
2025-09-14T01:31:00.5575092Z ##[group]Prepare publishing assets
2025-09-14T01:31:00.5576284Z [INFO] ForceOrphan: false
2025-09-14T01:31:00.5625451Z [command]/usr/bin/git clone --depth=1 --single-branch --branch gh-pages ***github.com/rudExtremo/SocksShoppingStore.git /home/runner/actions_github_pages_1757813460557
2025-09-14T01:31:00.5661523Z Cloning into '/home/runner/actions_github_pages_1757813460557'...
2025-09-14T01:31:01.1512700Z [INFO] clean up /home/runner/actions_github_pages_1757813460557
2025-09-14T01:31:01.1513461Z [INFO] chdir /home/runner/actions_github_pages_1757813460557
2025-09-14T01:31:01.1526808Z [command]/usr/bin/git rm -r --ignore-unmatch *
2025-09-14T01:31:01.1699946Z rm '.nojekyll'
2025-09-14T01:31:01.1700349Z rm 'app.js'
2025-09-14T01:31:01.1700763Z rm 'data/behaviors.csv'
2025-09-14T01:31:01.1701234Z rm 'data/behaviors.json'
2025-09-14T01:31:01.1701714Z rm 'data/categories.csv'
2025-09-14T01:31:01.1702189Z rm 'data/categories.json'
2025-09-14T01:31:01.1702672Z rm 'data/packages.json'
2025-09-14T01:31:01.1703139Z rm 'data/suites.csv'
2025-09-14T01:31:01.1703548Z rm 'data/suites.json'
2025-09-14T01:31:01.1703966Z rm 'data/timeline.json'
2025-09-14T01:31:01.1704645Z rm 'export/influxDbData.txt'
2025-09-14T01:31:01.1705155Z rm 'export/mail.html'
2025-09-14T01:31:01.1705614Z rm 'export/prometheusData.txt'
2025-09-14T01:31:01.1706039Z rm 'favicon.ico'
2025-09-14T01:31:01.1706416Z rm 'history/categories-trend.json'
2025-09-14T01:31:01.1706888Z rm 'history/duration-trend.json'
2025-09-14T01:31:01.1707343Z rm 'history/history-trend.json'
2025-09-14T01:31:01.1708064Z rm 'history/history.json'
2025-09-14T01:31:01.1708475Z rm 'history/retry-trend.json'
2025-09-14T01:31:01.1708844Z rm 'index.html'
2025-09-14T01:31:01.1709203Z rm 'plugin/behaviors/index.js'
2025-09-14T01:31:01.1709626Z rm 'plugin/packages/index.js'
2025-09-14T01:31:01.1710061Z rm 'plugin/screen-diff/index.js'
2025-09-14T01:31:01.1710510Z rm 'plugin/screen-diff/styles.css'
2025-09-14T01:31:01.1710916Z rm 'styles.css'
2025-09-14T01:31:01.1711331Z rm 'widgets/behaviors.json'
2025-09-14T01:31:01.1711635Z rm 'widgets/categories-trend.json'
2025-09-14T01:31:01.1711935Z rm 'widgets/categories.json'
2025-09-14T01:31:01.1712214Z rm 'widgets/duration-trend.json'
2025-09-14T01:31:01.1712492Z rm 'widgets/duration.json'
2025-09-14T01:31:01.1712753Z rm 'widgets/environment.json'
2025-09-14T01:31:01.1713030Z rm 'widgets/executors.json'
2025-09-14T01:31:01.1713301Z rm 'widgets/history-trend.json'
2025-09-14T01:31:01.1713578Z rm 'widgets/launch.json'
2025-09-14T01:31:01.1713834Z rm 'widgets/retry-trend.json'
2025-09-14T01:31:01.1714108Z rm 'widgets/severity.json'
2025-09-14T01:31:01.1714577Z rm 'widgets/status-chart.json'
2025-09-14T01:31:01.1714840Z rm 'widgets/suites.json'
2025-09-14T01:31:01.1715088Z rm 'widgets/summary.json'
2025-09-14T01:31:01.1715440Z [INFO] chdir /home/runner/actions_github_pages_1757813460557
2025-09-14T01:31:01.1715827Z [INFO] prepare publishing assets
2025-09-14T01:31:01.1716500Z [INFO] copy /home/runner/work/SocksShoppingStore/SocksShoppingStore/allure-report to /home/runner/actions_github_pages_1757813460557
2025-09-14T01:31:01.1944846Z cp: no such file or directory: /home/runner/work/SocksShoppingStore/SocksShoppingStore/allure-report/.*
2025-09-14T01:31:01.1947127Z [INFO] delete excluded assets
2025-09-14T01:31:01.1975565Z rm: no paths given
2025-09-14T01:31:01.1977720Z [INFO] Created /home/runner/actions_github_pages_1757813460557/.nojekyll
2025-09-14T01:31:01.1978975Z ##[endgroup]
2025-09-14T01:31:01.1979480Z ##[group]Setup Git config
2025-09-14T01:31:01.1994783Z [command]/usr/bin/git remote rm origin
2025-09-14T01:31:01.2046903Z [command]/usr/bin/git remote add origin ***github.com/rudExtremo/SocksShoppingStore.git
2025-09-14T01:31:01.2086578Z [command]/usr/bin/git add --all
2025-09-14T01:31:01.2315332Z [command]/usr/bin/git config user.name rudExtremo
2025-09-14T01:31:01.2354008Z [command]/usr/bin/git config user.email rudExtremo@users.noreply.github.com
2025-09-14T01:31:01.2382381Z ##[endgroup]
2025-09-14T01:31:01.2382881Z ##[group]Create a commit
2025-09-14T01:31:01.2398485Z [command]/usr/bin/git commit -m deploy: 3d0813078e6c2ad4e2f348afb10335de7be14d82
2025-09-14T01:31:01.2553632Z [gh-pages 74e6810] deploy: 3d0813078e6c2ad4e2f348afb10335de7be14d82
2025-09-14T01:31:01.2554627Z  68 files changed, 128 insertions(+), 37 deletions(-)
2025-09-14T01:31:01.2554985Z  create mode 100644 data/attachments/12f1da7494f124a1.txt
2025-09-14T01:31:01.2555327Z  create mode 100644 data/attachments/6d32634aab86e787.txt
2025-09-14T01:31:01.2555634Z  create mode 100644 data/attachments/7f83982c1918575e.txt
2025-09-14T01:31:01.2555968Z  create mode 100644 data/attachments/c9cd91677eb3ac91.txt
2025-09-14T01:31:01.2556293Z  create mode 100644 data/attachments/d5cc752b767a7.txt
2025-09-14T01:31:01.2556620Z  create mode 100644 data/test-cases/14663fbf9e9ee13.json
2025-09-14T01:31:01.2556939Z  create mode 100644 data/test-cases/17466e259610c0ce.json
2025-09-14T01:31:01.2557242Z  create mode 100644 data/test-cases/180aa1b3559d1929.json
2025-09-14T01:31:01.2557561Z  create mode 100644 data/test-cases/18ba781a1f314a89.json
2025-09-14T01:31:01.2557868Z  create mode 100644 data/test-cases/1d72e8ee16b8252a.json
2025-09-14T01:31:01.2558175Z  create mode 100644 data/test-cases/1df35bbfb583b11a.json
2025-09-14T01:31:01.2558716Z  create mode 100644 data/test-cases/23ad2c5917cfe49b.json
2025-09-14T01:31:01.2559248Z  create mode 100644 data/test-cases/286e7859695f242e.json
2025-09-14T01:31:01.2559584Z  create mode 100644 data/test-cases/3207041c880d4ba5.json
2025-09-14T01:31:01.2559881Z  create mode 100644 data/test-cases/3f9e127645381831.json
2025-09-14T01:31:01.2560458Z  create mode 100644 data/test-cases/4158a8860cc630.json
2025-09-14T01:31:01.2560758Z  create mode 100644 data/test-cases/54b7136dd85f3580.json
2025-09-14T01:31:01.2561060Z  create mode 100644 data/test-cases/57087547a5e29fd6.json
2025-09-14T01:31:01.2561366Z  create mode 100644 data/test-cases/57abf04bbf51d79a.json
2025-09-14T01:31:01.2561671Z  create mode 100644 data/test-cases/602d0a5f5fc45d97.json
2025-09-14T01:31:01.2562115Z  create mode 100644 data/test-cases/612390a4d3f5aa29.json
2025-09-14T01:31:01.2562424Z  create mode 100644 data/test-cases/65906adbacca892b.json
2025-09-14T01:31:01.2562730Z  create mode 100644 data/test-cases/66e521f88df1b1ff.json
2025-09-14T01:31:01.2563027Z  create mode 100644 data/test-cases/73ab9f8648f22833.json
2025-09-14T01:31:01.2563332Z  create mode 100644 data/test-cases/74defc86188f939a.json
2025-09-14T01:31:01.2563633Z  create mode 100644 data/test-cases/79404ed02ccbf507.json
2025-09-14T01:31:01.2563952Z  create mode 100644 data/test-cases/7e88c24163da90f5.json
2025-09-14T01:31:01.2564450Z  create mode 100644 data/test-cases/9754ca7a0bd7f681.json
2025-09-14T01:31:01.2564809Z  create mode 100644 data/test-cases/a1a2b4d3e187829.json
2025-09-14T01:31:01.2565116Z  create mode 100644 data/test-cases/a1d2b851b8fe0175.json
2025-09-14T01:31:01.2565420Z  create mode 100644 data/test-cases/a35d66443bb90c4e.json
2025-09-14T01:31:01.2565717Z  create mode 100644 data/test-cases/a5e8561d664a100.json
2025-09-14T01:31:01.2566028Z  create mode 100644 data/test-cases/b1f6783695a57e78.json
2025-09-14T01:31:01.2566327Z  create mode 100644 data/test-cases/b9f41867c33d9c4e.json
2025-09-14T01:31:01.2566630Z  create mode 100644 data/test-cases/cb3985b96bb71764.json
2025-09-14T01:31:01.2566932Z  create mode 100644 data/test-cases/cffe21e941ab5ef7.json
2025-09-14T01:31:01.2567249Z  create mode 100644 data/test-cases/d1f6e6f5a03f8a58.json
2025-09-14T01:31:01.2567548Z  create mode 100644 data/test-cases/d20f5561a57ee812.json
2025-09-14T01:31:01.2567854Z  create mode 100644 data/test-cases/d7e48c4799e244d8.json
2025-09-14T01:31:01.2568159Z  create mode 100644 data/test-cases/edb8c2bf8ea50fea.json
2025-09-14T01:31:01.2568462Z  create mode 100644 data/test-cases/f470044fb974a66c.json
2025-09-14T01:31:01.2568767Z  create mode 100644 data/test-cases/f52ffd0dc1d513fc.json
2025-09-14T01:31:01.2569066Z  create mode 100644 data/test-cases/f8d613dd1e7172c6.json
2025-09-14T01:31:01.2569598Z ##[endgroup]
2025-09-14T01:31:01.2569922Z ##[group]Push the commit or tag
2025-09-14T01:31:01.2574128Z [command]/usr/bin/git push origin gh-pages
2025-09-14T01:31:02.2009051Z To https://github.com/rudExtremo/SocksShoppingStore.git
2025-09-14T01:31:02.2009620Z    5b60c4e..74e6810  gh-pages -> gh-pages
2025-09-14T01:31:02.2052506Z ##[endgroup]
2025-09-14T01:31:02.2052883Z [INFO] Action successfully completed
2025-09-14T01:31:02.2140742Z ##[group]Run REPO_NAME=${GITHUB_REPOSITORY#*/}
2025-09-14T01:31:02.2141308Z [36;1mREPO_NAME=${GITHUB_REPOSITORY#*/}[0m
2025-09-14T01:31:02.2141854Z [36;1mURL="https://${OWNER}.github.io/${REPO_NAME}"[0m
2025-09-14T01:31:02.2142351Z [36;1mecho "Checking ${URL}..."[0m
2025-09-14T01:31:02.2142695Z [36;1mfor i in {1..20}; do[0m
2025-09-14T01:31:02.2143366Z [36;1m  if curl -fsSL "$URL/index.html" >/dev/null; then echo "Allure available at $URL"; exit 0; fi[0m
2025-09-14T01:31:02.2144036Z [36;1m  sleep 3[0m
2025-09-14T01:31:02.2144547Z [36;1mdone[0m
2025-09-14T01:31:02.2144936Z [36;1mecho "Allure report not reachable at $URL" >&2[0m
2025-09-14T01:31:02.2145426Z [36;1mexit 1[0m
2025-09-14T01:31:02.2177129Z shell: /usr/bin/bash --noprofile --norc -e -o pipefail {0}
2025-09-14T01:31:02.2177429Z env:
2025-09-14T01:31:02.2177601Z   DOTNET_ROOT: /usr/share/dotnet
2025-09-14T01:31:02.2177814Z   OWNER: rudExtremo
2025-09-14T01:31:02.2177991Z ##[endgroup]
2025-09-14T01:31:02.2226239Z Checking https://rudExtremo.github.io/SocksShoppingStore...
2025-09-14T01:31:02.3511404Z Allure available at https://rudExtremo.github.io/SocksShoppingStore
2025-09-14T01:31:02.3548038Z ##[group]Run actions/upload-artifact@v4
2025-09-14T01:31:02.3548307Z with:
2025-09-14T01:31:02.3548479Z   name: coverage-main
2025-09-14T01:31:02.3548819Z   path: SocksShoppingStore.Tests/TestResults/Coverage
**/coverage.opencover.xml

2025-09-14T01:31:02.3549212Z   if-no-files-found: warn
2025-09-14T01:31:02.3549409Z   compression-level: 6
2025-09-14T01:31:02.3549637Z   overwrite: false
2025-09-14T01:31:02.3549821Z   include-hidden-files: false
2025-09-14T01:31:02.3550020Z env:
2025-09-14T01:31:02.3550180Z   DOTNET_ROOT: /usr/share/dotnet
2025-09-14T01:31:02.3550389Z ##[endgroup]
2025-09-14T01:31:02.7074042Z ##[warning]No files were found with the provided path: SocksShoppingStore.Tests/TestResults/Coverage
**/coverage.opencover.xml. No artifacts will be uploaded.
2025-09-14T01:31:02.7172759Z Post job cleanup.
2025-09-14T01:31:02.8764777Z Post job cleanup.
2025-09-14T01:31:02.9691873Z [command]/usr/bin/git version
2025-09-14T01:31:02.9728022Z git version 2.51.0
2025-09-14T01:31:02.9772095Z Temporarily overriding HOME='/home/runner/work/_temp/dddb261b-17e8-4f36-a86c-a9acfa5a471d' before making global git config changes
2025-09-14T01:31:02.9773460Z Adding repository directory to the temporary git global config as a safe directory
2025-09-14T01:31:02.9786353Z [command]/usr/bin/git config --global --add safe.directory /home/runner/work/SocksShoppingStore/SocksShoppingStore
2025-09-14T01:31:02.9820740Z [command]/usr/bin/git config --local --name-only --get-regexp core\.sshCommand
2025-09-14T01:31:02.9853036Z [command]/usr/bin/git submodule foreach --recursive sh -c "git config --local --name-only --get-regexp 'core\.sshCommand' && git config --local --unset-all 'core.sshCommand' || :"
2025-09-14T01:31:03.0086145Z [command]/usr/bin/git config --local --name-only --get-regexp http\.https\:\/\/github\.com\/\.extraheader
2025-09-14T01:31:03.0110926Z http.https://github.com/.extraheader
2025-09-14T01:31:03.0128711Z [command]/usr/bin/git config --local --unset-all http.https://github.com/.extraheader
2025-09-14T01:31:03.0164003Z [command]/usr/bin/git submodule foreach --recursive sh -c "git config --local --name-only --get-regexp 'http\.https\:\/\/github\.com\/\.extraheader' && git config --local --unset-all 'http.https://github.com/.extraheader' || :"
2025-09-14T01:31:03.0537695Z Cleaning up orphan processes
2025-09-14T01:31:03.0872706Z Terminate orphan process: pid (2919) (dotnet)
2025-09-14T01:31:03.0899465Z Terminate orphan process: pid (2997) (dotnet)
2025-09-14T01:31:03.0925948Z Terminate orphan process: pid (3025) (dotnet)